Archive member included to satisfy reference by file (symbol)

/home/karl/workspace/KL46Z_Touch/Sources/TSS/libTSS_KXX_M0.a(TSS_KeypadDecoder.o)
                              ./Sources/TSS/TSS_SystemSetupData.o (TSS_KeypadDecoder)
/home/karl/workspace/KL46Z_Touch/Sources/TSS/libTSS_KXX_M0.a(TSS_Filters.o)
                              ./Sources/TSS/TSS_SystemSetupData.o (TSS_KeyDetectorInitPrevCapSample)
/home/karl/workspace/KL46Z_Touch/Sources/TSS/libTSS_KXX_M0.a(TSS_KeyDetectorNormal.o)
                              ./Sources/TSS/TSS_SystemSetupData.o (TSS_KeyBasicStuckKeyControl)
/home/karl/workspace/KL46Z_Touch/Sources/TSS/libTSS_KXX_M0.a(TSS_KeyDetector.o)
                              /home/karl/workspace/KL46Z_Touch/Sources/TSS/libTSS_KXX_M0.a(TSS_KeyDetectorNormal.o) (TSS_KeyDetectorResetElectrodeDebouncing)
/home/karl/workspace/KL46Z_Touch/Sources/TSS/libTSS_KXX_M0.a(TSS_Main.o)
                              ./Generated_Code/TSS1.o (TSS_Init)
/home/karl/Apps/gcc-arm-none-eabi-7-2018-q2-update/bin/../lib/gcc/arm-none-eabi/7.3.1/thumb/v6-m/libgcc.a(_thumb1_case_uqi.o)
                              /home/karl/workspace/KL46Z_Touch/Sources/TSS/libTSS_KXX_M0.a(TSS_KeypadDecoder.o) (__gnu_thumb1_case_uqi)
/home/karl/Apps/gcc-arm-none-eabi-7-2018-q2-update/bin/../lib/gcc/arm-none-eabi/7.3.1/thumb/v6-m/libgcc.a(_udivsi3.o)
                              /home/karl/workspace/KL46Z_Touch/Sources/TSS/libTSS_KXX_M0.a(TSS_Filters.o) (__aeabi_uidiv)
/home/karl/Apps/gcc-arm-none-eabi-7-2018-q2-update/bin/../lib/gcc/arm-none-eabi/7.3.1/thumb/v6-m/libgcc.a(_divsi3.o)
                              /home/karl/workspace/KL46Z_Touch/Sources/TSS/libTSS_KXX_M0.a(TSS_Filters.o) (__aeabi_idiv)
/home/karl/Apps/gcc-arm-none-eabi-7-2018-q2-update/bin/../lib/gcc/arm-none-eabi/7.3.1/thumb/v6-m/libgcc.a(_dvmd_tls.o)
                              /home/karl/Apps/gcc-arm-none-eabi-7-2018-q2-update/bin/../lib/gcc/arm-none-eabi/7.3.1/thumb/v6-m/libgcc.a(_udivsi3.o) (__aeabi_idiv0)
/home/karl/Apps/gcc-arm-none-eabi-7-2018-q2-update/bin/../lib/gcc/arm-none-eabi/7.3.1/../../../../arm-none-eabi/lib/thumb/v6-m/libg_nano.a(lib_a-exit.o)
                              /home/karl/Apps/gcc-arm-none-eabi-7-2018-q2-update/bin/../lib/gcc/arm-none-eabi/7.3.1/../../../../arm-none-eabi/lib/thumb/v6-m/crt0.o (exit)
/home/karl/Apps/gcc-arm-none-eabi-7-2018-q2-update/bin/../lib/gcc/arm-none-eabi/7.3.1/../../../../arm-none-eabi/lib/thumb/v6-m/libg_nano.a(lib_a-impure.o)
                              /home/karl/Apps/gcc-arm-none-eabi-7-2018-q2-update/bin/../lib/gcc/arm-none-eabi/7.3.1/../../../../arm-none-eabi/lib/thumb/v6-m/libg_nano.a(lib_a-exit.o) (_global_impure_ptr)
/home/karl/Apps/gcc-arm-none-eabi-7-2018-q2-update/bin/../lib/gcc/arm-none-eabi/7.3.1/../../../../arm-none-eabi/lib/thumb/v6-m/libg_nano.a(lib_a-init.o)
                              /home/karl/Apps/gcc-arm-none-eabi-7-2018-q2-update/bin/../lib/gcc/arm-none-eabi/7.3.1/../../../../arm-none-eabi/lib/thumb/v6-m/crt0.o (__libc_init_array)
/home/karl/Apps/gcc-arm-none-eabi-7-2018-q2-update/bin/../lib/gcc/arm-none-eabi/7.3.1/../../../../arm-none-eabi/lib/thumb/v6-m/libg_nano.a(lib_a-memset.o)
                              /home/karl/Apps/gcc-arm-none-eabi-7-2018-q2-update/bin/../lib/gcc/arm-none-eabi/7.3.1/../../../../arm-none-eabi/lib/thumb/v6-m/crt0.o (memset)
/home/karl/Apps/gcc-arm-none-eabi-7-2018-q2-update/bin/../lib/gcc/arm-none-eabi/7.3.1/../../../../arm-none-eabi/lib/thumb/v6-m/libnosys.a(_exit.o)
                              /home/karl/Apps/gcc-arm-none-eabi-7-2018-q2-update/bin/../lib/gcc/arm-none-eabi/7.3.1/../../../../arm-none-eabi/lib/thumb/v6-m/libg_nano.a(lib_a-exit.o) (_exit)

Allocating common symbols
Common symbol       size              file

tss_au8StuckCount   0x2               ./Sources/TSS/TSS_SystemSetupData.o
tss_u8ConfCheckSum  0x1               ./Sources/TSS/TSS_SystemSetupData.o
tss_au8Sensitivity  0x2               ./Sources/TSS/TSS_SystemSetupData.o
tss_ai8DeltaAmplitude
                    0x2               ./Sources/TSS/TSS_SystemSetupData.o
tss_CSSys           0xc               ./Sources/TSS/TSS_SystemSetupData.o
tss_ai8MaxDeltaAmplitude
                    0x2               ./Sources/TSS/TSS_SystemSetupData.o
tss_u8SampleIntFlag
                    0x1               ./Sources/TSS/TSS_Sensor.o
tss_ai8SensitivityLowLimit
                    0x1               ./Sources/TSS/TSS_SystemSetupData.o
tss_ai8InstantDelta
                    0x2               ./Sources/TSS/TSS_SystemSetupData.o
TSS_C0_KEYPAD_EVENTS_BUFFER
                    0x10              ./Sources/TSS/TSS_SystemSetupData.o
tss_au16PrevCapSample
                    0x4               ./Sources/TSS/TSS_SystemSetupData.o
tss_au8ControlScheduleCount
                    0x1               ./Sources/TSS/TSS_SystemSetupData.o
tss_psElectrodeTimertAdr
                    0x4               ./Sources/TSS/TSS_Sensor.o
tss_u8ElectrodeBitNum
                    0x1               ./Sources/TSS/TSS_Sensor.o
[...]
Memory Configuration

Name             Origin             Length             Attributes
m_interrupts     0x0000000000000000 0x00000000000000c0 xr
m_text           0x0000000000000410 0x000000000003fbf0 xr
m_data           0x000000001fffe000 0x0000000000008000 rw
m_cfmprotrom     0x0000000000000400 0x0000000000000010 xr
*default*        0x0000000000000000 0xffffffffffffffff

Linker script and memory map

LOAD /home/karl/Apps/gcc-arm-none-eabi-7-2018-q2-update/bin/../lib/gcc/arm-none-eabi/7.3.1/thumb/v6-m/crti.o
LOAD /home/karl/Apps/gcc-arm-none-eabi-7-2018-q2-update/bin/../lib/gcc/arm-none-eabi/7.3.1/thumb/v6-m/crtbegin.o
LOAD /home/karl/Apps/gcc-arm-none-eabi-7-2018-q2-update/bin/../lib/gcc/arm-none-eabi/7.3.1/../../../../arm-none-eabi/lib/thumb/v6-m/crt0.o
LOAD ./Sources/TSS/TSS_Freemaster.o
LOAD ./Sources/TSS/TSS_Sensor.o
LOAD ./Sources/TSS/TSS_SensorGPIO.o
LOAD ./Sources/TSS/TSS_SensorTSI.o
LOAD ./Sources/TSS/TSS_SensorTSIL.o
LOAD ./Sources/TSS/TSS_SystemSetupData.o
LOAD ./Sources/Events.o
LOAD ./Sources/main.o
LOAD ./Project_Settings/Startup_Code/startup.o
LOAD ./Generated_Code/BitIoLdd1.o
LOAD ./Generated_Code/Cpu.o
LOAD ./Generated_Code/LED1.o
LOAD ./Generated_Code/LEDpin1.o
LOAD ./Generated_Code/MCUC1.o
LOAD ./Generated_Code/PE_LDD.o
LOAD ./Generated_Code/TSS1.o
LOAD ./Generated_Code/Vectors.o
LOAD /home/karl/workspace/KL46Z_Touch/Sources/TSS/libTSS_KXX_M0.a
LOAD /home/karl/Apps/gcc-arm-none-eabi-7-2018-q2-update/bin/../lib/gcc/arm-none-eabi/7.3.1/../../../../arm-none-eabi/lib/thumb/v6-m/libstdc++_nano.a
LOAD /home/karl/Apps/gcc-arm-none-eabi-7-2018-q2-update/bin/../lib/gcc/arm-none-eabi/7.3.1/../../../../arm-none-eabi/lib/thumb/v6-m/libm.a
START GROUP
LOAD /home/karl/Apps/gcc-arm-none-eabi-7-2018-q2-update/bin/../lib/gcc/arm-none-eabi/7.3.1/thumb/v6-m/libgcc.a
LOAD /home/karl/Apps/gcc-arm-none-eabi-7-2018-q2-update/bin/../lib/gcc/arm-none-eabi/7.3.1/../../../../arm-none-eabi/lib/thumb/v6-m/libg_nano.a
LOAD /home/karl/Apps/gcc-arm-none-eabi-7-2018-q2-update/bin/../lib/gcc/arm-none-eabi/7.3.1/../../../../arm-none-eabi/lib/thumb/v6-m/libc_nano.a
END GROUP
START GROUP
LOAD /home/karl/Apps/gcc-arm-none-eabi-7-2018-q2-update/bin/../lib/gcc/arm-none-eabi/7.3.1/thumb/v6-m/libgcc.a
LOAD /home/karl/Apps/gcc-arm-none-eabi-7-2018-q2-update/bin/../lib/gcc/arm-none-eabi/7.3.1/../../../../arm-none-eabi/lib/thumb/v6-m/libc_nano.a
LOAD /home/karl/Apps/gcc-arm-none-eabi-7-2018-q2-update/bin/../lib/gcc/arm-none-eabi/7.3.1/../../../../arm-none-eabi/lib/thumb/v6-m/libnosys.a
END GROUP
START GROUP
LOAD /home/karl/Apps/gcc-arm-none-eabi-7-2018-q2-update/bin/../lib/gcc/arm-none-eabi/7.3.1/thumb/v6-m/libgcc.a
LOAD /home/karl/Apps/gcc-arm-none-eabi-7-2018-q2-update/bin/../lib/gcc/arm-none-eabi/7.3.1/../../../../arm-none-eabi/lib/thumb/v6-m/libc_nano.a
LOAD /home/karl/Apps/gcc-arm-none-eabi-7-2018-q2-update/bin/../lib/gcc/arm-none-eabi/7.3.1/../../../../arm-none-eabi/lib/thumb/v6-m/libnosys.a
END GROUP
LOAD /home/karl/Apps/gcc-arm-none-eabi-7-2018-q2-update/bin/../lib/gcc/arm-none-eabi/7.3.1/thumb/v6-m/crtend.o
LOAD /home/karl/Apps/gcc-arm-none-eabi-7-2018-q2-update/bin/../lib/gcc/arm-none-eabi/7.3.1/thumb/v6-m/crtn.o
                0x0000000020006000                _estack = 0x20006000
                0x0000000020006000                __SP_INIT = _estack
                0x0000000020006000                __stack = _estack
                0x0000000000000000                __heap_size = 0x0
                0x0000000000000400                __stack_size = 0x400

.interrupts     0x0000000000000000       0xc0
                0x0000000000000000                __vector_table = .
                0x0000000000000000                . = ALIGN (0x4)
 *(.vectortable)
 .vectortable   0x0000000000000000       0xc0 ./Generated_Code/Vectors.o
                0x0000000000000000                __vect_table
                0x00000000000000c0                . = ALIGN (0x4)

.cfmprotect     0x0000000000000400       0x10
                0x0000000000000400                . = ALIGN (0x4)
 *(.cfmconfig)
 .cfmconfig     0x0000000000000400       0x10 ./Generated_Code/Cpu.o
                0x0000000000000400                _cfm
                0x0000000000000410                . = ALIGN (0x4)

.text           0x0000000000000410     0x46fc
                0x0000000000000410                . = ALIGN (0x4)
 *(.text)
 .text          0x0000000000000410       0x48 /home/karl/Apps/gcc-arm-none-eabi-7-2018-q2-update/bin/../lib/gcc/arm-none-eabi/7.3.1/thumb/v6-m/crtbegin.o
 .text          0x0000000000000458       0x78 /home/karl/Apps/gcc-arm-none-eabi-7-2018-q2-update/bin/../lib/gcc/arm-none-eabi/7.3.1/../../../../arm-none-eabi/lib/thumb/v6-m/crt0.o
                0x0000000000000458                _mainCRTStartup
                0x0000000000000458                _start
 .text          0x00000000000004d0      0x338 /home/karl/workspace/KL46Z_Touch/Sources/TSS/libTSS_KXX_M0.a(TSS_KeypadDecoder.o)
                0x00000000000004d0                TSS_KeypadDecoder
                0x00000000000006f4                TSS_SetKeypadConfig
                0x00000000000007d8                TSS_GetKeypadConfig
 .text          0x0000000000000808      0x1c8 /home/karl/workspace/KL46Z_Touch/Sources/TSS/libTSS_KXX_M0.a(TSS_Filters.o)
                0x0000000000000808                TSS_u16NoiseAmplitudeFilter
                0x000000000000083c                TSS_i8NoiseAmplitudeFilter
                0x0000000000000872                TSS_ShieldEquation
                0x00000000000008d4                TSS_KeyDetectorInitPrevCapSample
                0x00000000000008e8                TSS_KeyDetectorCalculateIIRFilter
                0x0000000000000908                TSS_KeyDetectorCalculateShielding
                0x000000000000091c                TSS_KeyDetectorSignalDivider
                0x0000000000000938                TSS_KeyDetectorSignalMultiplier
                0x0000000000000968                TSS_SubUInt16WithUInt16ToSInt16
                0x0000000000000994                TSS_ShiftSInt16ToUInt16
                0x00000000000009a0                TSS_CutSInt16ToSInt8
                0x00000000000009b8                TSS_SensitivityLowLimitControl
 .text          0x00000000000009d0      0x854 /home/karl/workspace/KL46Z_Touch/Sources/TSS/libTSS_KXX_M0.a(TSS_KeyDetectorNormal.o)
                0x0000000000000a48                TSS_KeyBasicStuckKeyControl
                0x0000000000000a94                TSS_KeyBasicDetect
                0x0000000000000c44                TSS_KeyBasicNegativeBaselineDrop
                0x0000000000000cd0                TSS_KeyBasicElectrodeEval
                0x0000000000000f3c                TSS_KeyBasicSensAutoCalibration
                0x000000000000117c                TSS_KeyBasicDeltaNoiseAnalysisIIRControl
                0x00000000000011f0                TSS_KeyBasicGetSystemDataContext
 .text          0x0000000000001224      0x6c8 /home/karl/workspace/KL46Z_Touch/Sources/TSS/libTSS_KXX_M0.a(TSS_KeyDetector.o)
                0x0000000000001264                TSS_KeyDetectorResetElectrodeDebouncing
                0x0000000000001280                TSS_KeyDetectorResetElectrode
                0x0000000000001294                TSS_KeyDetectorRestartElectrode
                0x00000000000012dc                TSS_KeyDetectorRecalibrateModules
                0x00000000000012f0                TSS_KeyDetectorInit
                0x0000000000001328                TSS_KeyDetectorResetElectrodeMeasured
                0x0000000000001350                TSS_KeyDetectorCalculateDelta
                0x0000000000001370                TSS_KeyDetectorFillDeltaLogBuffer
                0x0000000000001388                TSS_KeyDetectorFillSignalLogBuffer
                0x000000000000139c                TSS_KeyDetectorResetStuckKeyCounter
                0x00000000000013a8                TSS_KeyDetectorGetDCTrackerCounter
                0x00000000000013b4                TSS_KeyDetectorGetSlowDCTrackerCounter
                0x00000000000013c0                TSS_KeyDetectorCalibrate
                0x00000000000013e4                TSS_KeyDetectorReleaseElectrode
                0x0000000000001404                TSS_KeyDetectorMainSequenced
                0x00000000000015c8                TSS_KeyDetectorMain
                0x0000000000001778                TSS_KeyDetectorElectrodeStatusUpdate
                0x00000000000017ac                TSS_KeyDetectorGetElectrodeGroupStatus
                0x00000000000017e8                TSS_KeyDetectorGetElectrodeEnablerStatus
                0x000000000000189c                TSS_KeyDetectorRecalibrationRequest
                0x00000000000018b0                TSS_KeyDetectorGetShieldElectrodeReleaseStatus
 .text          0x00000000000018ec     0x10a0 /home/karl/workspace/KL46Z_Touch/Sources/TSS/libTSS_KXX_M0.a(TSS_Main.o)
                0x0000000000001984                TSS_InitRegisterArrays
                0x00000000000019dc                TSS_InitInternalArrays
                0x0000000000001a2c                TSS_Init
                0x0000000000001a90                TSS_DataCorruptionCheck
                0x0000000000001b44                TSS_FaultEvaluation
                0x0000000000001bbc                TSS_DecodersControl
                0x0000000000001c28                TSS_TriggerControl
                0x0000000000001c7c                TSS_Task
                0x0000000000001d54                TSS_TaskSeq
                0x0000000000001e2c                TSS_InternalControlPrivateData
                0x0000000000001e50                TSS_SetControlPrivateData
                0x0000000000001e64                TSS_GetControlPrivateData
                0x0000000000001e80                TSS_GetControlStruct
                0x0000000000001ea0                TSS_GetControlNumberOfElectrodes
                0x0000000000001ec0                TSS_GetControlFirstElectrodeIndex
                0x0000000000001ee4                TSS_GetControlLastElectrodeIndex
                0x0000000000001f0c                TSS_GetControlElectrodeIndex
                0x0000000000001f34                TSS_SetControlElectrodesEnablers
                0x0000000000001fbc                TSS_GetControlElectrodesStatus
                0x0000000000001fe4                TSS_TriggerConfig
                0x0000000000002058                TSS_LowPowerConfig
                0x00000000000020fc                TSS_ProximityConfig
                0x0000000000002154                TSS_SetSystemConfig
                0x0000000000002488                TSS_GetSystemConfig
                0x00000000000025a8                TSS_BrowseModules
                0x0000000000002650                TSS_LoadElectrodeData
                0x00000000000026f8                TSS_StoreElectrodeData
                0x0000000000002778                TSS_LoadModulesData
                0x00000000000027e0                TSS_StoreModulesData
                0x0000000000002824                TSS_LoadAllSystemData
                0x00000000000028d0                TSS_StoreAllSystemData
 .text          0x000000000000298c       0x14 /home/karl/Apps/gcc-arm-none-eabi-7-2018-q2-update/bin/../lib/gcc/arm-none-eabi/7.3.1/thumb/v6-m/libgcc.a(_thumb1_case_uqi.o)
                0x000000000000298c                __gnu_thumb1_case_uqi
 .text          0x00000000000029a0      0x114 /home/karl/Apps/gcc-arm-none-eabi-7-2018-q2-update/bin/../lib/gcc/arm-none-eabi/7.3.1/thumb/v6-m/libgcc.a(_udivsi3.o)
                0x00000000000029a0                __udivsi3
                0x00000000000029a0                __aeabi_uidiv
                0x0000000000002aac                __aeabi_uidivmod
 .text          0x0000000000002ab4      0x1d4 /home/karl/Apps/gcc-arm-none-eabi-7-2018-q2-update/bin/../lib/gcc/arm-none-eabi/7.3.1/thumb/v6-m/libgcc.a(_divsi3.o)
                0x0000000000002ab4                __aeabi_idiv
                0x0000000000002ab4                __divsi3
                0x0000000000002c80                __aeabi_idivmod
 .text          0x0000000000002c88        0x4 /home/karl/Apps/gcc-arm-none-eabi-7-2018-q2-update/bin/../lib/gcc/arm-none-eabi/7.3.1/thumb/v6-m/libgcc.a(_dvmd_tls.o)
                0x0000000000002c88                __aeabi_ldiv0
                0x0000000000002c88                __aeabi_idiv0
 *(.text*)
 .text.TSS_SensorInitCallback
                0x0000000000002c8c       0x3c ./Sources/TSS/TSS_Sensor.o
                0x0000000000002c8c                TSS_SensorInitCallback
 .text.TSS_SensorInit
                0x0000000000002cc8       0x28 ./Sources/TSS/TSS_Sensor.o
                0x0000000000002cc8                TSS_SensorInit
 .text.TSIL_InitModule
                0x0000000000002cf0       0x36 ./Sources/TSS/TSS_SensorTSIL.o
                0x0000000000002cf0                TSIL_InitModule
 *fill*         0x0000000000002d26        0x2 
 .text.TSIL_SetNSamples
                0x0000000000002d28       0x60 ./Sources/TSS/TSS_SensorTSIL.o
                0x0000000000002d28                TSIL_SetNSamples
 .text.TSIL_InitLowPower
                0x0000000000002d88       0x84 ./Sources/TSS/TSS_SensorTSIL.o
                0x0000000000002d88                TSIL_InitLowPower
 .text.TSIL_InitPEN
                0x0000000000002e0c      0x218 ./Sources/TSS/TSS_SensorTSIL.o
                0x0000000000002e0c                TSIL_InitPEN
 .text.TSIL_Recalibrate
                0x0000000000003024      0x5a8 ./Sources/TSS/TSS_SensorTSIL.o
                0x0000000000003024                TSIL_Recalibrate
 .text.TSIL_InitThresholds
                0x00000000000035cc      0x10c ./Sources/TSS/TSS_SensorTSIL.o
                0x00000000000035cc                TSIL_InitThresholds
 .text.TSIL_InitTrigger
                0x00000000000036d8      0x19c ./Sources/TSS/TSS_SensorTSIL.o
                0x00000000000036d8                TSIL_InitTrigger
 .text.TSIL_MethodControl
                0x0000000000003874      0x2cc ./Sources/TSS/TSS_SensorTSIL.o
                0x0000000000003874                TSIL_MethodControl
 .text.TSIL_ReadCounter
                0x0000000000003b40      0x100 ./Sources/TSS/TSS_SensorTSIL.o
                0x0000000000003b40                TSIL_ReadCounter
 .text.TSIL_HandleMeasurement
                0x0000000000003c40       0xf8 ./Sources/TSS/TSS_SensorTSIL.o
                0x0000000000003c40                TSIL_HandleMeasurement
 .text.TSIL_SampleElectrode
                0x0000000000003d38      0x270 ./Sources/TSS/TSS_SensorTSIL.o
                0x0000000000003d38                TSIL_SampleElectrode
 .text.TSS_TSI0Isr
                0x0000000000003fa8      0x1dc ./Sources/TSS/TSS_SensorTSIL.o
                0x0000000000003fa8                TSS_TSI0Isr
 .text.TSS_IIRFilterEquation
                0x0000000000004184       0x2e ./Sources/TSS/TSS_SystemSetupData.o
                0x0000000000004184                TSS_IIRFilterEquation
 .text.Cpu_OnNMIINT
                0x00000000000041b2        0xa ./Sources/Events.o
                0x00000000000041b2                Cpu_OnNMIINT
 .text.TSS1_fOnFault
                0x00000000000041bc       0x48 ./Sources/Events.o
                0x00000000000041bc                TSS1_fOnFault
 .text.TSS1_fOnInit
                0x0000000000004204        0xe ./Sources/Events.o
                0x0000000000004204                TSS1_fOnInit
 *fill*         0x0000000000004212        0x2 
 .text.TSS1_fCallBack0
                0x0000000000004214       0x58 ./Sources/Events.o
                0x0000000000004214                TSS1_fCallBack0
 .text.main     0x000000000000426c       0x12 ./Sources/main.o
                0x000000000000426c                main
 .text.__copy_rom_section
                0x000000000000427e       0xdc ./Project_Settings/Startup_Code/startup.o
                0x000000000000427e                __copy_rom_section
 *fill*         0x000000000000435a        0x2 
 .text.__copy_rom_sections_to_ram
                0x000000000000435c       0xa0 ./Project_Settings/Startup_Code/startup.o
                0x000000000000435c                __copy_rom_sections_to_ram
 .text.__init_registers
                0x00000000000043fc        0xa ./Project_Settings/Startup_Code/startup.o
                0x00000000000043fc                __init_registers
 .text.__init_user
                0x0000000000004406        0xa ./Project_Settings/Startup_Code/startup.o
                0x0000000000004406                __init_user
 .text.__thumb_startup
                0x0000000000004410       0x30 ./Project_Settings/Startup_Code/startup.o
                0x0000000000004410                __thumb_startup
 .text.BitIoLdd1_Init
                0x0000000000004440       0x60 ./Generated_Code/BitIoLdd1.o
                0x0000000000004440                BitIoLdd1_Init
 .text.BitIoLdd1_SetVal
                0x00000000000044a0       0x1c ./Generated_Code/BitIoLdd1.o
                0x00000000000044a0                BitIoLdd1_SetVal
 .text.BitIoLdd1_NegVal
                0x00000000000044bc       0x1c ./Generated_Code/BitIoLdd1.o
                0x00000000000044bc                BitIoLdd1_NegVal
 .text.Cpu_INT_NMIInterrupt
                0x00000000000044d8        0xe ./Generated_Code/Cpu.o
                0x00000000000044d8                Cpu_INT_NMIInterrupt
 .text.Cpu_Interrupt
                0x00000000000044e6        0xc ./Generated_Code/Cpu.o
                0x00000000000044e6                Cpu_Interrupt
 *fill*         0x00000000000044f2        0x2 
 .text.__init_hardware
                0x00000000000044f4      0x144 ./Generated_Code/Cpu.o
                0x00000000000044f4                __init_hardware
 .text.PE_low_level_init
                0x0000000000004638       0xf4 ./Generated_Code/Cpu.o
                0x0000000000004638                PE_low_level_init
 .text.LED1_Init
                0x000000000000472c       0x18 ./Generated_Code/LED1.o
                0x000000000000472c                LED1_Init
 .text.MCUC1_Init
                0x0000000000004744        0xa ./Generated_Code/MCUC1.o
                0x0000000000004744                MCUC1_Init
 *fill*         0x000000000000474e        0x2 
 .text.TSS1_InitDevices
                0x0000000000004750       0x44 ./Generated_Code/TSS1.o
                0x0000000000004750                TSS1_InitDevices
 .text.TSS1_Configure
                0x0000000000004794      0x170 ./Generated_Code/TSS1.o
                0x0000000000004794                TSS1_Configure
 .text.exit     0x0000000000004904       0x2c /home/karl/Apps/gcc-arm-none-eabi-7-2018-q2-update/bin/../lib/gcc/arm-none-eabi/7.3.1/../../../../arm-none-eabi/lib/thumb/v6-m/libg_nano.a(lib_a-exit.o)
                0x0000000000004904                exit
 .text.__libc_init_array
                0x0000000000004930       0x48 /home/karl/Apps/gcc-arm-none-eabi-7-2018-q2-update/bin/../lib/gcc/arm-none-eabi/7.3.1/../../../../arm-none-eabi/lib/thumb/v6-m/libg_nano.a(lib_a-init.o)
                0x0000000000004930                __libc_init_array
 .text.memset   0x0000000000004978       0x10 /home/karl/Apps/gcc-arm-none-eabi-7-2018-q2-update/bin/../lib/gcc/arm-none-eabi/7.3.1/../../../../arm-none-eabi/lib/thumb/v6-m/libg_nano.a(lib_a-memset.o)
                0x0000000000004978                memset
 .text._exit    0x0000000000004988        0x4 /home/karl/Apps/gcc-arm-none-eabi-7-2018-q2-update/bin/../lib/gcc/arm-none-eabi/7.3.1/../../../../arm-none-eabi/lib/thumb/v6-m/libnosys.a(_exit.o)
                0x0000000000004988                _exit
 *(.rodata)
 .rodata        0x000000000000498c       0x14 /home/karl/workspace/KL46Z_Touch/Sources/TSS/libTSS_KXX_M0.a(TSS_KeyDetector.o)
 .rodata        0x00000000000049a0        0xc /home/karl/workspace/KL46Z_Touch/Sources/TSS/libTSS_KXX_M0.a(TSS_Main.o)
 *(.rodata*)
 .rodata.tss_faSampleElectrode
                0x00000000000049ac        0x8 ./Sources/TSS/TSS_Sensor.o
                0x00000000000049ac                tss_faSampleElectrode
 .rodata.tss_acp8ElectrodeROMData
                0x00000000000049b4        0x8 ./Sources/TSS/TSS_Sensor.o
                0x00000000000049b4                tss_acp8ElectrodeROMData
 .rodata.TSS_TSIL0_METHOD_ROMDATA_CONTEXT
                0x00000000000049bc       0x10 ./Sources/TSS/TSS_SensorTSIL.o
                0x00000000000049bc                TSS_TSIL0_METHOD_ROMDATA_CONTEXT
 .rodata.TSS_E0_ROMDATA_CONTEXT
                0x00000000000049cc        0xc ./Sources/TSS/TSS_SensorTSIL.o
                0x00000000000049cc                TSS_E0_ROMDATA_CONTEXT
 .rodata.TSS_E1_ROMDATA_CONTEXT
                0x00000000000049d8        0xc ./Sources/TSS/TSS_SensorTSIL.o
                0x00000000000049d8                TSS_E1_ROMDATA_CONTEXT
 .rodata.TSIL_MethodControl
                0x00000000000049e4       0x24 ./Sources/TSS/TSS_SensorTSIL.o
 .rodata.TSIL_SampleElectrode
                0x0000000000004a08       0x28 ./Sources/TSS/TSS_SensorTSIL.o
 .rodata.TSS_C0_INPUTS_GROUP
                0x0000000000004a30        0x1 ./Sources/TSS/TSS_SystemSetupData.o
                0x0000000000004a30                TSS_C0_INPUTS_GROUP
 *fill*         0x0000000000004a31        0x3 
 .rodata.TSS_C0_STRUCTURE_ROM_CONTEXT
                0x0000000000004a34       0x10 ./Sources/TSS/TSS_SystemSetupData.o
                0x0000000000004a34                TSS_C0_STRUCTURE_ROM_CONTEXT
 .rodata.tss_faCallback
                0x0000000000004a44        0x4 ./Sources/TSS/TSS_SystemSetupData.o
                0x0000000000004a44                tss_faCallback
 .rodata.tss_acpsDecRAMContext
                0x0000000000004a48        0x4 ./Sources/TSS/TSS_SystemSetupData.o
                0x0000000000004a48                tss_acpsDecRAMContext
 .rodata.tss_acpsDecROMContext
                0x0000000000004a4c        0x4 ./Sources/TSS/TSS_SystemSetupData.o
                0x0000000000004a4c                tss_acpsDecROMContext
 .rodata.tss_acpsCSStructs
                0x0000000000004a50        0x4 ./Sources/TSS/TSS_SystemSetupData.o
                0x0000000000004a50                tss_acpsCSStructs
 .rodata.tss_faDecoders
                0x0000000000004a54        0x4 ./Sources/TSS/TSS_SystemSetupData.o
                0x0000000000004a54                tss_faDecoders
 .rodata.tss_cau8ShieldPairs
                0x0000000000004a58        0x1 ./Sources/TSS/TSS_SystemSetupData.o
                0x0000000000004a58                tss_cau8ShieldPairs
 *fill*         0x0000000000004a59        0x3 
 .rodata.tss_cau8SignalDivider
                0x0000000000004a5c        0x1 ./Sources/TSS/TSS_SystemSetupData.o
                0x0000000000004a5c                tss_cau8SignalDivider
 *fill*         0x0000000000004a5d        0x3 
 .rodata.tss_cau8SignalMultiplier
                0x0000000000004a60        0x1 ./Sources/TSS/TSS_SystemSetupData.o
                0x0000000000004a60                tss_cau8SignalMultiplier
 *fill*         0x0000000000004a61        0x3 
 .rodata.tss_fSetInternalPrivateData
                0x0000000000004a64        0x4 ./Sources/TSS/TSS_SystemSetupData.o
                0x0000000000004a64                tss_fSetInternalPrivateData
 .rodata.tss_fDecodersControl
                0x0000000000004a68        0x4 ./Sources/TSS/TSS_SystemSetupData.o
                0x0000000000004a68                tss_fDecodersControl
 .rodata.tss_cu8NumElecs
                0x0000000000004a6c        0x1 ./Sources/TSS/TSS_SystemSetupData.o
                0x0000000000004a6c                tss_cu8NumElecs
 .rodata.tss_cu8NumCtrls
                0x0000000000004a6d        0x1 ./Sources/TSS/TSS_SystemSetupData.o
                0x0000000000004a6d                tss_cu8NumCtrls
 .rodata.tss_cu8ElecBitFldLn
                0x0000000000004a6e        0x1 ./Sources/TSS/TSS_SystemSetupData.o
                0x0000000000004a6e                tss_cu8ElecBitFldLn
 *fill*         0x0000000000004a6f        0x1 
 .rodata.tss_fCalculateIIRFilter
                0x0000000000004a70        0x4 ./Sources/TSS/TSS_SystemSetupData.o
                0x0000000000004a70                tss_fCalculateIIRFilter
 .rodata.tss_fCalculateShielding
                0x0000000000004a74        0x4 ./Sources/TSS/TSS_SystemSetupData.o
                0x0000000000004a74                tss_fCalculateShielding
 .rodata.tss_fInitPrevCapSample
                0x0000000000004a78        0x4 ./Sources/TSS/TSS_SystemSetupData.o
                0x0000000000004a78                tss_fInitPrevCapSample
 .rodata.tss_fFillDeltaLogBuffer
                0x0000000000004a7c        0x4 ./Sources/TSS/TSS_SystemSetupData.o
                0x0000000000004a7c                tss_fFillDeltaLogBuffer
 .rodata.tss_fFillSignalLogBuffer
                0x0000000000004a80        0x4 ./Sources/TSS/TSS_SystemSetupData.o
                0x0000000000004a80                tss_fFillSignalLogBuffer
 .rodata.tss_fDataCorruptionCheck
                0x0000000000004a84        0x4 ./Sources/TSS/TSS_SystemSetupData.o
                0x0000000000004a84                tss_fDataCorruptionCheck
 .rodata.tss_fFmstrCall
                0x0000000000004a88        0x4 ./Sources/TSS/TSS_SystemSetupData.o
                0x0000000000004a88                tss_fFmstrCall
 .rodata.tss_fTriggerConfig
                0x0000000000004a8c        0x4 ./Sources/TSS/TSS_SystemSetupData.o
                0x0000000000004a8c                tss_fTriggerConfig
 .rodata.tss_fTriggerControl
                0x0000000000004a90        0x4 ./Sources/TSS/TSS_SystemSetupData.o
                0x0000000000004a90                tss_fTriggerControl
 .rodata.tss_fLowPowerConfig
                0x0000000000004a94        0x4 ./Sources/TSS/TSS_SystemSetupData.o
                0x0000000000004a94                tss_fLowPowerConfig
 .rodata.tss_fOnFault
                0x0000000000004a98        0x4 ./Sources/TSS/TSS_SystemSetupData.o
                0x0000000000004a98                tss_fOnFault
 .rodata.tss_fOnInit
                0x0000000000004a9c        0x4 ./Sources/TSS/TSS_SystemSetupData.o
                0x0000000000004a9c                tss_fOnInit
 .rodata.tss_fOnProximity
                0x0000000000004aa0        0x4 ./Sources/TSS/TSS_SystemSetupData.o
                0x0000000000004aa0                tss_fOnProximity
 .rodata.tss_fProximityConfig
                0x0000000000004aa4        0x4 ./Sources/TSS/TSS_SystemSetupData.o
                0x0000000000004aa4                tss_fProximityConfig
 .rodata.tss_fStuckKeyControl
                0x0000000000004aa8        0x4 ./Sources/TSS/TSS_SystemSetupData.o
                0x0000000000004aa8                tss_fStuckKeyControl
 .rodata.tss_fResetStuckKeyCounter
                0x0000000000004aac        0x4 ./Sources/TSS/TSS_SystemSetupData.o
                0x0000000000004aac                tss_fResetStuckKeyCounter
 .rodata.tss_fNegativeBaselineDrop
                0x0000000000004ab0        0x4 ./Sources/TSS/TSS_SystemSetupData.o
                0x0000000000004ab0                tss_fNegativeBaselineDrop
 .rodata.tss_fKeyDetectorRecalibrationRequest
                0x0000000000004ab4        0x4 ./Sources/TSS/TSS_SystemSetupData.o
                0x0000000000004ab4                tss_fKeyDetectorRecalibrationRequest
 .rodata.tss_fSignalDivider
                0x0000000000004ab8        0x4 ./Sources/TSS/TSS_SystemSetupData.o
                0x0000000000004ab8                tss_fSignalDivider
 .rodata.tss_fSignalMultiplier
                0x0000000000004abc        0x4 ./Sources/TSS/TSS_SystemSetupData.o
                0x0000000000004abc                tss_fSignalMultiplier
 .rodata.tss_fAutoCalibration
                0x0000000000004ac0        0x4 ./Sources/TSS/TSS_SystemSetupData.o
                0x0000000000004ac0                tss_fAutoCalibration
 .rodata.tss_fSensitivityLowLimitControl
                0x0000000000004ac4        0x4 ./Sources/TSS/TSS_SystemSetupData.o
                0x0000000000004ac4                tss_fSensitivityLowLimitControl
 .rodata.tss_fDeltaNoiseAnalysisIIRControl
                0x0000000000004ac8        0x4 ./Sources/TSS/TSS_SystemSetupData.o
                0x0000000000004ac8                tss_fDeltaNoiseAnalysisIIRControl
 .rodata.tss_cu8BaselineInitLength
                0x0000000000004acc        0x1 ./Sources/TSS/TSS_SystemSetupData.o
                0x0000000000004acc                tss_cu8BaselineInitLength
 .rodata.tss_cu8AutoCalibInitLength
                0x0000000000004acd        0x1 ./Sources/TSS/TSS_SystemSetupData.o
                0x0000000000004acd                tss_cu8AutoCalibInitLength
 *fill*         0x0000000000004ace        0x2 
 .rodata.tss_ci8DeltaNoiseAnalysisIIRWeights
                0x0000000000004ad0        0x2 ./Sources/TSS/TSS_SystemSetupData.o
                0x0000000000004ad0                tss_ci8DeltaNoiseAnalysisIIRWeights
 *fill*         0x0000000000004ad2        0x2 
 .rodata.tss_csKeyBasicASCContext
                0x0000000000004ad4        0x6 ./Sources/TSS/TSS_SystemSetupData.o
                0x0000000000004ad4                tss_csKeyBasicASCContext
 *fill*         0x0000000000004ada        0x2 
 .rodata.tss_fKeyDetectorElectrodeEval
                0x0000000000004adc        0x4 ./Sources/TSS/TSS_SystemSetupData.o
                0x0000000000004adc                tss_fKeyDetectorElectrodeEval
 .rodata.tss_fKeyDetectorIntegrationResetEval
                0x0000000000004ae0        0x4 ./Sources/TSS/TSS_SystemSetupData.o
                0x0000000000004ae0                tss_fKeyDetectorIntegrationResetEval
 .rodata.tss_fKeyNoiseSchedulerInit
                0x0000000000004ae4        0x4 ./Sources/TSS/TSS_SystemSetupData.o
                0x0000000000004ae4                tss_fKeyNoiseSchedulerInit
 .rodata.tss_fKeyNoiseSchedulerRun
                0x0000000000004ae8        0x4 ./Sources/TSS/TSS_SystemSetupData.o
                0x0000000000004ae8                tss_fKeyNoiseSchedulerRun
 .rodata.tss_fGetSystemDataContext
                0x0000000000004aec        0x4 ./Sources/TSS/TSS_SystemSetupData.o
                0x0000000000004aec                tss_fGetSystemDataContext
 .rodata._global_impure_ptr
                0x0000000000004af0        0x4 /home/karl/Apps/gcc-arm-none-eabi-7-2018-q2-update/bin/../lib/gcc/arm-none-eabi/7.3.1/../../../../arm-none-eabi/lib/thumb/v6-m/libg_nano.a(lib_a-impure.o)
                0x0000000000004af0                _global_impure_ptr
 *(.glue_7)
 .glue_7        0x0000000000004af4        0x0 linker stubs
 *(.glue_7t)
 .glue_7t       0x0000000000004af4        0x0 linker stubs
 *(.eh_frame)
 .eh_frame      0x0000000000004af4        0x0 /home/karl/Apps/gcc-arm-none-eabi-7-2018-q2-update/bin/../lib/gcc/arm-none-eabi/7.3.1/thumb/v6-m/crtbegin.o
 *(.init)
 .init          0x0000000000004af4        0x4 /home/karl/Apps/gcc-arm-none-eabi-7-2018-q2-update/bin/../lib/gcc/arm-none-eabi/7.3.1/thumb/v6-m/crti.o
                0x0000000000004af4                _init
 .init          0x0000000000004af8        0x8 /home/karl/Apps/gcc-arm-none-eabi-7-2018-q2-update/bin/../lib/gcc/arm-none-eabi/7.3.1/thumb/v6-m/crtn.o
 *(.fini)
 .fini          0x0000000000004b00        0x4 /home/karl/Apps/gcc-arm-none-eabi-7-2018-q2-update/bin/../lib/gcc/arm-none-eabi/7.3.1/thumb/v6-m/crti.o
                0x0000000000004b00                _fini
 .fini          0x0000000000004b04        0x8 /home/karl/Apps/gcc-arm-none-eabi-7-2018-q2-update/bin/../lib/gcc/arm-none-eabi/7.3.1/thumb/v6-m/crtn.o
                0x0000000000004b0c                . = ALIGN (0x4)
                0x0000000000004b0c                _etext = .

.vfp11_veneer   0x0000000000004b0c        0x0
 .vfp11_veneer  0x0000000000004b0c        0x0 linker stubs

.v4_bx          0x0000000000004b0c        0x0
 .v4_bx         0x0000000000004b0c        0x0 linker stubs

.iplt           0x0000000000004b0c        0x0
 .iplt          0x0000000000004b0c        0x0 /home/karl/Apps/gcc-arm-none-eabi-7-2018-q2-update/bin/../lib/gcc/arm-none-eabi/7.3.1/thumb/v6-m/crtbegin.o

.ARM.extab
 *(.ARM.extab* .gnu.linkonce.armextab.*)

.ARM            0x0000000000004b0c        0x8
                0x0000000000004b0c                __exidx_start = .
 *(.ARM.exidx*)
 .ARM.exidx     0x0000000000004b0c        0x8 /home/karl/Apps/gcc-arm-none-eabi-7-2018-q2-update/bin/../lib/gcc/arm-none-eabi/7.3.1/../../../../arm-none-eabi/lib/thumb/v6-m/crt0.o
                0x0000000000004b14                __exidx_end = .

.rel.dyn        0x0000000000004b14        0x0
 .rel.iplt      0x0000000000004b14        0x0 /home/karl/Apps/gcc-arm-none-eabi-7-2018-q2-update/bin/../lib/gcc/arm-none-eabi/7.3.1/thumb/v6-m/crtbegin.o

.ctors          0x0000000000004b14        0x0
                0x0000000000004b14                __CTOR_LIST__ = .
 *crtbegin.o(.ctors)
 *(EXCLUDE_FILE(*crtend.o) .ctors)
 *(SORT_BY_NAME(.ctors.*))
 *(.ctors)
                0x0000000000004b14                __CTOR_END__ = .

.dtors          0x0000000000004b14        0x0
                0x0000000000004b14                __DTOR_LIST__ = .
 *crtbegin.o(.dtors)
 *(EXCLUDE_FILE(*crtend.o) .dtors)
 *(SORT_BY_NAME(.dtors.*))
 *(.dtors)
                0x0000000000004b14                __DTOR_END__ = .

.preinit_array  0x0000000000004b14        0x0
                0x0000000000004b14                PROVIDE (__preinit_array_start = .)
 *(.preinit_array*)
                0x0000000000004b14                PROVIDE (__preinit_array_end = .)

.init_array     0x0000000000004b14        0x4
                0x0000000000004b14                PROVIDE (__init_array_start = .)
 *(SORT_BY_NAME(.init_array.*))
 *(.init_array*)
 .init_array    0x0000000000004b14        0x4 /home/karl/Apps/gcc-arm-none-eabi-7-2018-q2-update/bin/../lib/gcc/arm-none-eabi/7.3.1/thumb/v6-m/crtbegin.o
                0x0000000000004b18                PROVIDE (__init_array_end = .)

.fini_array     0x0000000000004b18        0x4
                [!provide]                        PROVIDE (__fini_array_start = .)
 *(SORT_BY_NAME(.fini_array.*))
 *(.fini_array*)
 .fini_array    0x0000000000004b18        0x4 /home/karl/Apps/gcc-arm-none-eabi-7-2018-q2-update/bin/../lib/gcc/arm-none-eabi/7.3.1/thumb/v6-m/crtbegin.o
                [!provide]                        PROVIDE (__fini_array_end = .)
                0x0000000000004b1c                ___ROM_AT = .

.mtb            0x000000001fffe000        0x0
                0x000000001fffe000                . = ALIGN (0x8)
                0x000000001fffe000                _mtb_start = .
 *(.mtb_buf)
                0x000000001fffe000                . = ALIGN (0x8)
                0x000000001fffe000                _mtb_end = .

.data           0x000000001fffe000       0x70 load address 0x0000000000004b1c
                0x000000001fffe000                . = ALIGN (0x4)
                0x000000001fffe000                _sdata = .
 *(.data)
 .data          0x000000001fffe000        0x1 /home/karl/workspace/KL46Z_Touch/Sources/TSS/libTSS_KXX_M0.a(TSS_KeyDetector.o)
 *(.data*)
 *fill*         0x000000001fffe001        0x3 
 .data.TSS1_cKey0
                0x000000001fffe004        0xc ./Sources/TSS/TSS_SystemSetupData.o
                0x000000001fffe004                TSS1_cKey0
 .data.impure_data
                0x000000001fffe010       0x60 /home/karl/Apps/gcc-arm-none-eabi-7-2018-q2-update/bin/../lib/gcc/arm-none-eabi/7.3.1/../../../../arm-none-eabi/lib/thumb/v6-m/libg_nano.a(lib_a-impure.o)
                0x000000001fffe070                . = ALIGN (0x4)
                0x000000001fffe070                _edata = .
                0x0000000000000070                ___data_size = (_edata - _sdata)

.igot.plt       0x000000001fffe070        0x0 load address 0x0000000000004b8c
 .igot.plt      0x000000001fffe070        0x0 /home/karl/Apps/gcc-arm-none-eabi-7-2018-q2-update/bin/../lib/gcc/arm-none-eabi/7.3.1/thumb/v6-m/crtbegin.o
                0x000000001fffe070                . = ALIGN (0x4)

.bss            0x000000001fffe070      0x104 load address 0x0000000000004b8c
                0x000000001fffe070                __START_BSS = .
                0x000000001fffe070                PROVIDE (__bss_start__ = __START_BSS)
 *(.bss)
 .bss           0x000000001fffe070       0x1c /home/karl/Apps/gcc-arm-none-eabi-7-2018-q2-update/bin/../lib/gcc/arm-none-eabi/7.3.1/thumb/v6-m/crtbegin.o
 .bss           0x000000001fffe08c        0x5 /home/karl/workspace/KL46Z_Touch/Sources/TSS/libTSS_KXX_M0.a(TSS_KeyDetector.o)
 *fill*         0x000000001fffe091        0x3 
 .bss           0x000000001fffe094        0x8 /home/karl/workspace/KL46Z_Touch/Sources/TSS/libTSS_KXX_M0.a(TSS_Main.o)
 *(.bss*)
 .bss.TSS_TSIL0_METHOD_RAMDATA_CONTEXT
                0x000000001fffe09c        0xa ./Sources/TSS/TSS_SensorTSIL.o
                0x000000001fffe09c                TSS_TSIL0_METHOD_RAMDATA_CONTEXT
 *fill*         0x000000001fffe0a6        0x2 
 .bss.TSS_C0_STRUCTURE_RAM_CONTEXT
                0x000000001fffe0a8        0x6 ./Sources/TSS/TSS_SystemSetupData.o
                0x000000001fffe0a8                TSS_C0_STRUCTURE_RAM_CONTEXT
 *fill*         0x000000001fffe0ae        0x2 
 .bss.tss_apsControlPrivateData
                0x000000001fffe0b0        0x4 ./Sources/TSS/TSS_SystemSetupData.o
                0x000000001fffe0b0                tss_apsControlPrivateData
 .bss.DeviceDataPrv__DEFAULT_RTOS_ALLOC
                0x000000001fffe0b4        0x4 ./Generated_Code/BitIoLdd1.o
 .bss.PE_LDD_DeviceDataList
                0x000000001fffe0b8        0x4 ./Generated_Code/PE_LDD.o
                0x000000001fffe0b8                PE_LDD_DeviceDataList
 *(COMMON)
 COMMON         0x000000001fffe0bc       0x10 ./Sources/TSS/TSS_Sensor.o
                0x000000001fffe0bc                tss_u8SampleIntFlag
                0x000000001fffe0c0                tss_psElectrodeTimertAdr
                0x000000001fffe0c4                tss_u8ElectrodeBitNum
                0x000000001fffe0c8                tss_psElectrodeRGPIOAdr
 COMMON         0x000000001fffe0cc       0x20 ./Sources/TSS/TSS_SensorTSIL.o
                0x000000001fffe0cc                TSS_TSIL0_CHANNEL_COUNTER_BUFFER
 COMMON         0x000000001fffe0ec       0x85 ./Sources/TSS/TSS_SystemSetupData.o
                0x000000001fffe0ec                tss_au8StuckCount
                0x000000001fffe0ee                tss_u8ConfCheckSum
                0x000000001fffe0f0                tss_au8Sensitivity
                0x000000001fffe0f4                tss_ai8DeltaAmplitude
                0x000000001fffe0f8                tss_CSSys
                0x000000001fffe104                tss_ai8MaxDeltaAmplitude
                0x000000001fffe108                tss_ai8SensitivityLowLimit
                0x000000001fffe10c                tss_ai8InstantDelta
                0x000000001fffe110                TSS_C0_KEYPAD_EVENTS_BUFFER
                0x000000001fffe120                tss_au16PrevCapSample
                0x000000001fffe124                tss_au8ControlScheduleCount
                0x000000001fffe128                tss_au8TouchCount
                0x000000001fffe12c                tss_au8ElectrodeMeasured
                0x000000001fffe130                tss_au16InstantSignal
                0x000000001fffe134                tss_au8DebounceCount
                0x000000001fffe138                tss_au8ElectrodeStatus
                0x000000001fffe13c                tss_au8ElectrodeMarker
                0x000000001fffe140                tss_ai8NoiseAmplitude
                0x000000001fffe144                tss_asDeltaNoiseAnalysisIIRData
                0x000000001fffe150                tss_asAutoCalibrationData
                0x000000001fffe158                tss_au8ElecState
                0x000000001fffe15c                tss_au8ElectrodeEnablers
                0x000000001fffe160                tss_au8ElectrodeDCTrackerEnablers
                0x000000001fffe164                tss_au16ElecBaseline
                0x000000001fffe168                tss_au8ReleaseCount
                0x000000001fffe16c                tss_au8ElectrodeLowThresholdEnablers
                0x000000001fffe170                tss_ai8IntegrationDelta
 *fill*         0x000000001fffe171        0x1 
 COMMON         0x000000001fffe172        0x2 /home/karl/workspace/KL46Z_Touch/Sources/TSS/libTSS_KXX_M0.a(TSS_KeyDetector.o)
                0x000000001fffe172                tss_u16CapSample
                0x000000001fffe174                . = ALIGN (0x4)
                0x000000001fffe174                __END_BSS = .
                0x000000001fffe174                PROVIDE (__bss_end__ = __END_BSS)
                0x0000000000004b8c                _romp_at = (___ROM_AT + SIZEOF (.data))

.romp           0x000000001fffe174       0x18 load address 0x0000000000004b8c
                0x0000000000004b8c                __S_romp = _romp_at
                0x000000001fffe174        0x4 LONG 0x4b1c ___ROM_AT
                0x000000001fffe178        0x4 LONG 0x1fffe000 _sdata
                0x000000001fffe17c        0x4 LONG 0x70 ___data_size
                0x000000001fffe180        0x4 LONG 0x0
                0x000000001fffe184        0x4 LONG 0x0
                0x000000001fffe188        0x4 LONG 0x0
                0x0000000000040000                text_end = (ORIGIN (m_text) + LENGTH (m_text))
                0x0000000000004ba4                data_init_end = ((___ROM_AT + SIZEOF (.data)) + SIZEOF (.romp))
                0x0000000000000001                ASSERT ((data_init_end <= text_end), region m_text overflowed with text and data)

._user_heap_stack
                0x000000001fffe18c      0x400 load address 0x0000000000004ba4
                0x000000001fffe18c                . = ALIGN (0x4)
                [!provide]                        PROVIDE (end = .)
                [!provide]                        PROVIDE (_end = .)
                [!provide]                        PROVIDE (__end__ = .)
                0x000000001fffe18c                __heap_addr = .
                0x000000001fffe18c                __HeapBase = .
                0x000000001fffe18c                . = (. + __heap_size)
                0x000000001fffe18c                __HeapLimit = .
                0x000000001fffe58c                . = (. + __stack_size)
 *fill*         0x000000001fffe18c      0x400 
                0x000000001fffe58c                . = ALIGN (0x4)

.ARM.attributes
                0x0000000000000000       0x28
 *(.ARM.attributes)
 .ARM.attributes
                0x0000000000000000       0x1e /home/karl/Apps/gcc-arm-none-eabi-7-2018-q2-update/bin/../lib/gcc/arm-none-eabi/7.3.1/thumb/v6-m/crti.o
 .ARM.attributes
                0x000000000000001e       0x2c /home/karl/Apps/gcc-arm-none-eabi-7-2018-q2-update/bin/../lib/gcc/arm-none-eabi/7.3.1/thumb/v6-m/crtbegin.o
 .ARM.attributes
                0x000000000000004a       0x1b /home/karl/Apps/gcc-arm-none-eabi-7-2018-q2-update/bin/../lib/gcc/arm-none-eabi/7.3.1/../../../../arm-none-eabi/lib/thumb/v6-m/crt0.o
 .ARM.attributes
                0x0000000000000065       0x32 ./Sources/TSS/TSS_Sensor.o
 .ARM.attributes
                0x0000000000000097       0x32 ./Sources/TSS/TSS_SensorTSIL.o
 .ARM.attributes
                0x00000000000000c9       0x32 ./Sources/TSS/TSS_SystemSetupData.o
 .ARM.attributes
                0x00000000000000fb       0x32 ./Sources/Events.o
 .ARM.attributes
                0x000000000000012d       0x32 ./Sources/main.o
 .ARM.attributes
                0x000000000000015f       0x32 ./Project_Settings/Startup_Code/startup.o
 .ARM.attributes
                0x0000000000000191       0x32 ./Generated_Code/BitIoLdd1.o
 .ARM.attributes
                0x00000000000001c3       0x32 ./Generated_Code/Cpu.o
 .ARM.attributes
                0x00000000000001f5       0x32 ./Generated_Code/LED1.o
 .ARM.attributes
                0x0000000000000227       0x32 ./Generated_Code/MCUC1.o
 .ARM.attributes
                0x0000000000000259       0x32 ./Generated_Code/PE_LDD.o
 .ARM.attributes
                0x000000000000028b       0x32 ./Generated_Code/TSS1.o
 .ARM.attributes
                0x00000000000002bd       0x32 ./Generated_Code/Vectors.o
 .ARM.attributes
                0x00000000000002ef       0x31 /home/karl/workspace/KL46Z_Touch/Sources/TSS/libTSS_KXX_M0.a(TSS_KeypadDecoder.o)
 .ARM.attributes
                0x0000000000000320       0x31 /home/karl/workspace/KL46Z_Touch/Sources/TSS/libTSS_KXX_M0.a(TSS_Filters.o)
 .ARM.attributes
                0x0000000000000351       0x31 /home/karl/workspace/KL46Z_Touch/Sources/TSS/libTSS_KXX_M0.a(TSS_KeyDetectorNormal.o)
 .ARM.attributes
                0x0000000000000382       0x31 /home/karl/workspace/KL46Z_Touch/Sources/TSS/libTSS_KXX_M0.a(TSS_KeyDetector.o)
 .ARM.attributes
                0x00000000000003b3       0x31 /home/karl/workspace/KL46Z_Touch/Sources/TSS/libTSS_KXX_M0.a(TSS_Main.o)
 .ARM.attributes
                0x00000000000003e4       0x1e /home/karl/Apps/gcc-arm-none-eabi-7-2018-q2-update/bin/../lib/gcc/arm-none-eabi/7.3.1/thumb/v6-m/libgcc.a(_thumb1_case_uqi.o)
 .ARM.attributes
                0x0000000000000402       0x1e /home/karl/Apps/gcc-arm-none-eabi-7-2018-q2-update/bin/../lib/gcc/arm-none-eabi/7.3.1/thumb/v6-m/libgcc.a(_udivsi3.o)
 .ARM.attributes
                0x0000000000000420       0x1e /home/karl/Apps/gcc-arm-none-eabi-7-2018-q2-update/bin/../lib/gcc/arm-none-eabi/7.3.1/thumb/v6-m/libgcc.a(_divsi3.o)
 .ARM.attributes
                0x000000000000043e       0x1e /home/karl/Apps/gcc-arm-none-eabi-7-2018-q2-update/bin/../lib/gcc/arm-none-eabi/7.3.1/thumb/v6-m/libgcc.a(_dvmd_tls.o)
 .ARM.attributes
                0x000000000000045c       0x2c /home/karl/Apps/gcc-arm-none-eabi-7-2018-q2-update/bin/../lib/gcc/arm-none-eabi/7.3.1/../../../../arm-none-eabi/lib/thumb/v6-m/libg_nano.a(lib_a-exit.o)
 .ARM.attributes
                0x0000000000000488       0x2c /home/karl/Apps/gcc-arm-none-eabi-7-2018-q2-update/bin/../lib/gcc/arm-none-eabi/7.3.1/../../../../arm-none-eabi/lib/thumb/v6-m/libg_nano.a(lib_a-impure.o)
 .ARM.attributes
                0x00000000000004b4       0x2c /home/karl/Apps/gcc-arm-none-eabi-7-2018-q2-update/bin/../lib/gcc/arm-none-eabi/7.3.1/../../../../arm-none-eabi/lib/thumb/v6-m/libg_nano.a(lib_a-init.o)
 .ARM.attributes
                0x00000000000004e0       0x2c /home/karl/Apps/gcc-arm-none-eabi-7-2018-q2-update/bin/../lib/gcc/arm-none-eabi/7.3.1/../../../../arm-none-eabi/lib/thumb/v6-m/libg_nano.a(lib_a-memset.o)
 .ARM.attributes
                0x000000000000050c       0x2c /home/karl/Apps/gcc-arm-none-eabi-7-2018-q2-update/bin/../lib/gcc/arm-none-eabi/7.3.1/../../../../arm-none-eabi/lib/thumb/v6-m/libnosys.a(_exit.o)
 .ARM.attributes
                0x0000000000000538       0x1e /home/karl/Apps/gcc-arm-none-eabi-7-2018-q2-update/bin/../lib/gcc/arm-none-eabi/7.3.1/thumb/v6-m/crtn.o
OUTPUT(KL46Z_Touch.elf elf32-littlearm)

.debug_info     0x0000000000000000     0x7ea8
 .debug_info    0x0000000000000000      0xac0 ./Sources/TSS/TSS_Sensor.o
 .debug_info    0x0000000000000ac0     0x135d ./Sources/TSS/TSS_SensorTSIL.o
 .debug_info    0x0000000000001e1d     0x12b7 ./Sources/TSS/TSS_SystemSetupData.o
 .debug_info    0x00000000000030d4      0x864 ./Sources/Events.o
 .debug_info    0x0000000000003938      0x76d ./Sources/main.o
 .debug_info    0x00000000000040a5      0xa2c ./Project_Settings/Startup_Code/startup.o
 .debug_info    0x0000000000004ad1      0x49d ./Generated_Code/BitIoLdd1.o
 .debug_info    0x0000000000004f6e     0x104c ./Generated_Code/Cpu.o
 .debug_info    0x0000000000005fba      0x25f ./Generated_Code/LED1.o
 .debug_info    0x0000000000006219      0x225 ./Generated_Code/MCUC1.o
 .debug_info    0x000000000000643e      0x82c ./Generated_Code/PE_LDD.o
 .debug_info    0x0000000000006c6a      0xad6 ./Generated_Code/TSS1.o
 .debug_info    0x0000000000007740      0x768 ./Generated_Code/Vectors.o

.debug_abbrev   0x0000000000000000     0x148b
 .debug_abbrev  0x0000000000000000      0x1bc ./Sources/TSS/TSS_Sensor.o
 .debug_abbrev  0x00000000000001bc      0x241 ./Sources/TSS/TSS_SensorTSIL.o
 .debug_abbrev  0x00000000000003fd      0x186 ./Sources/TSS/TSS_SystemSetupData.o
 .debug_abbrev  0x0000000000000583      0x19c ./Sources/Events.o
 .debug_abbrev  0x000000000000071f      0x132 ./Sources/main.o
 .debug_abbrev  0x0000000000000851      0x235 ./Project_Settings/Startup_Code/startup.o
 .debug_abbrev  0x0000000000000a86      0x156 ./Generated_Code/BitIoLdd1.o
 .debug_abbrev  0x0000000000000bdc      0x256 ./Generated_Code/Cpu.o
 .debug_abbrev  0x0000000000000e32      0x107 ./Generated_Code/LED1.o
 .debug_abbrev  0x0000000000000f39       0xc6 ./Generated_Code/MCUC1.o
 .debug_abbrev  0x0000000000000fff      0x1af ./Generated_Code/PE_LDD.o
 .debug_abbrev  0x00000000000011ae      0x1bc ./Generated_Code/TSS1.o
 .debug_abbrev  0x000000000000136a      0x121 ./Generated_Code/Vectors.o

.debug_aranges  0x0000000000000000      0x310
 .debug_aranges
                0x0000000000000000       0x38 ./Sources/TSS/TSS_Sensor.o
 .debug_aranges
                0x0000000000000038       0x78 ./Sources/TSS/TSS_SensorTSIL.o
 .debug_aranges
                0x00000000000000b0       0x20 ./Sources/TSS/TSS_SystemSetupData.o
 .debug_aranges
                0x00000000000000d0       0x38 ./Sources/Events.o
 .debug_aranges
                0x0000000000000108       0x20 ./Sources/main.o
 .debug_aranges
                0x0000000000000128       0x50 ./Project_Settings/Startup_Code/startup.o
 .debug_aranges
                0x0000000000000178       0x40 ./Generated_Code/BitIoLdd1.o
 .debug_aranges
                0x00000000000001b8       0x90 ./Generated_Code/Cpu.o
 .debug_aranges
                0x0000000000000248       0x30 ./Generated_Code/LED1.o
 .debug_aranges
                0x0000000000000278       0x28 ./Generated_Code/MCUC1.o
 .debug_aranges
                0x00000000000002a0       0x30 ./Generated_Code/PE_LDD.o
 .debug_aranges
                0x00000000000002d0       0x28 ./Generated_Code/TSS1.o
 .debug_aranges
                0x00000000000002f8       0x18 ./Generated_Code/Vectors.o

.debug_ranges   0x0000000000000000      0x238
 .debug_ranges  0x0000000000000000       0x28 ./Sources/TSS/TSS_Sensor.o
 .debug_ranges  0x0000000000000028       0x68 ./Sources/TSS/TSS_SensorTSIL.o
 .debug_ranges  0x0000000000000090       0x10 ./Sources/TSS/TSS_SystemSetupData.o
 .debug_ranges  0x00000000000000a0       0x28 ./Sources/Events.o
 .debug_ranges  0x00000000000000c8       0x10 ./Sources/main.o
 .debug_ranges  0x00000000000000d8       0x40 ./Project_Settings/Startup_Code/startup.o
 .debug_ranges  0x0000000000000118       0x30 ./Generated_Code/BitIoLdd1.o
 .debug_ranges  0x0000000000000148       0x80 ./Generated_Code/Cpu.o
 .debug_ranges  0x00000000000001c8       0x20 ./Generated_Code/LED1.o
 .debug_ranges  0x00000000000001e8       0x18 ./Generated_Code/MCUC1.o
 .debug_ranges  0x0000000000000200       0x20 ./Generated_Code/PE_LDD.o
 .debug_ranges  0x0000000000000220       0x18 ./Generated_Code/TSS1.o

.debug_macro    0x0000000000000000     0xe9a2
 .debug_macro   0x0000000000000000      0x108 ./Sources/TSS/TSS_Sensor.o
 .debug_macro   0x0000000000000108     0x158b ./Sources/TSS/TSS_Sensor.o
 .debug_macro   0x0000000000001693       0x50 ./Sources/TSS/TSS_Sensor.o
 .debug_macro   0x00000000000016e3       0x19 ./Sources/TSS/TSS_Sensor.o
 .debug_macro   0x00000000000016fc       0x2d ./Sources/TSS/TSS_Sensor.o
 .debug_macro   0x0000000000001729     0x1247 ./Sources/TSS/TSS_Sensor.o
 .debug_macro   0x0000000000002970      0x10e ./Sources/TSS/TSS_SensorTSIL.o
 .debug_macro   0x0000000000002a7e     0x1241 ./Sources/TSS/TSS_SensorTSIL.o
 .debug_macro   0x0000000000003cbf       0x26 ./Sources/TSS/TSS_SensorTSIL.o
 .debug_macro   0x0000000000003ce5      0x14c ./Sources/TSS/TSS_SystemSetupData.o
 .debug_macro   0x0000000000003e31      0x183 ./Sources/Events.o
 .debug_macro   0x0000000000003fb4       0x82 ./Sources/Events.o
 .debug_macro   0x0000000000004036       0x94 ./Sources/Events.o
 .debug_macro   0x00000000000040ca      0x12c ./Sources/Events.o
 .debug_macro   0x00000000000041f6       0x40 ./Sources/Events.o
 .debug_macro   0x0000000000004236       0x1f ./Sources/Events.o
 .debug_macro   0x0000000000004255       0x41 ./Sources/Events.o
 .debug_macro   0x0000000000004296      0x183 ./Sources/main.o
 .debug_macro   0x0000000000004419      0x16a ./Project_Settings/Startup_Code/startup.o
 .debug_macro   0x0000000000004583       0x58 ./Project_Settings/Startup_Code/startup.o
 .debug_macro   0x00000000000045db       0x18 ./Project_Settings/Startup_Code/startup.o
 .debug_macro   0x00000000000045f3       0x94 ./Project_Settings/Startup_Code/startup.o
 .debug_macro   0x0000000000004687       0x35 ./Project_Settings/Startup_Code/startup.o
 .debug_macro   0x00000000000046bc       0x34 ./Project_Settings/Startup_Code/startup.o
 .debug_macro   0x00000000000046f0      0x174 ./Project_Settings/Startup_Code/startup.o
 .debug_macro   0x0000000000004864       0x57 ./Project_Settings/Startup_Code/startup.o
 .debug_macro   0x00000000000048bb       0x58 ./Project_Settings/Startup_Code/startup.o
 .debug_macro   0x0000000000004913       0x1f ./Project_Settings/Startup_Code/startup.o
 .debug_macro   0x0000000000004932       0x43 ./Project_Settings/Startup_Code/startup.o
 .debug_macro   0x0000000000004975       0x20 ./Project_Settings/Startup_Code/startup.o
 .debug_macro   0x0000000000004995      0x18e ./Project_Settings/Startup_Code/startup.o
 .debug_macro   0x0000000000004b23      0x330 ./Project_Settings/Startup_Code/startup.o
 .debug_macro   0x0000000000004e53       0x10 ./Project_Settings/Startup_Code/startup.o
 .debug_macro   0x0000000000004e63       0x35 ./Project_Settings/Startup_Code/startup.o
 .debug_macro   0x0000000000004e98       0x16 ./Project_Settings/Startup_Code/startup.o
 .debug_macro   0x0000000000004eae       0x16 ./Project_Settings/Startup_Code/startup.o
 .debug_macro   0x0000000000004ec4       0x29 ./Project_Settings/Startup_Code/startup.o
 .debug_macro   0x0000000000004eed       0x10 ./Project_Settings/Startup_Code/startup.o
 .debug_macro   0x0000000000004efd     0x8ff9 ./Project_Settings/Startup_Code/startup.o
 .debug_macro   0x000000000000def6       0xc7 ./Generated_Code/BitIoLdd1.o
 .debug_macro   0x000000000000dfbd      0x20a ./Generated_Code/BitIoLdd1.o
 .debug_macro   0x000000000000e1c7      0x1b9 ./Generated_Code/Cpu.o
 .debug_macro   0x000000000000e380      0x102 ./Generated_Code/LED1.o
 .debug_macro   0x000000000000e482       0xb3 ./Generated_Code/MCUC1.o
 .debug_macro   0x000000000000e535      0x161 ./Generated_Code/PE_LDD.o
 .debug_macro   0x000000000000e696      0x181 ./Generated_Code/TSS1.o
 .debug_macro   0x000000000000e817      0x18b ./Generated_Code/Vectors.o

.debug_line     0x0000000000000000     0x3808
 .debug_line    0x0000000000000000      0x3ab ./Sources/TSS/TSS_Sensor.o
 .debug_line    0x00000000000003ab      0x62c ./Sources/TSS/TSS_SensorTSIL.o
 .debug_line    0x00000000000009d7      0x359 ./Sources/TSS/TSS_SystemSetupData.o
 .debug_line    0x0000000000000d30      0x459 ./Sources/Events.o
 .debug_line    0x0000000000001189      0x415 ./Sources/main.o
 .debug_line    0x000000000000159e      0x411 ./Project_Settings/Startup_Code/startup.o
 .debug_line    0x00000000000019af      0x323 ./Generated_Code/BitIoLdd1.o
 .debug_line    0x0000000000001cd2      0x849 ./Generated_Code/Cpu.o
 .debug_line    0x000000000000251b      0x338 ./Generated_Code/LED1.o
 .debug_line    0x0000000000002853      0x29f ./Generated_Code/MCUC1.o
 .debug_line    0x0000000000002af2      0x44e ./Generated_Code/PE_LDD.o
 .debug_line    0x0000000000002f40      0x445 ./Generated_Code/TSS1.o
 .debug_line    0x0000000000003385      0x483 ./Generated_Code/Vectors.o

.debug_str      0x0000000000000000    0x55afe
 .debug_str     0x0000000000000000    0x4f441 ./Sources/TSS/TSS_Sensor.o
                                      0x4f8af (size before relaxing)
 .debug_str     0x000000000004f441      0xaaf ./Sources/TSS/TSS_SensorTSIL.o
                                      0x4d0b9 (size before relaxing)
 .debug_str     0x000000000004fef0      0xd52 ./Sources/TSS/TSS_SystemSetupData.o
                                      0x44b5a (size before relaxing)
 .debug_str     0x0000000000050c42     0x1728 ./Sources/Events.o
                                      0x45773 (size before relaxing)
 .debug_str     0x000000000005236a       0x17 ./Sources/main.o
                                      0x454be (size before relaxing)
 .debug_str     0x0000000000052381     0x2fcc ./Project_Settings/Startup_Code/startup.o
                                      0x33a10 (size before relaxing)
 .debug_str     0x000000000005534d      0x15f ./Generated_Code/BitIoLdd1.o
                                      0x38fc6 (size before relaxing)
 .debug_str     0x00000000000554ac      0x3f8 ./Generated_Code/Cpu.o
                                      0x45936 (size before relaxing)
 .debug_str     0x00000000000558a4       0x45 ./Generated_Code/LED1.o
                                      0x3965e (size before relaxing)
 .debug_str     0x00000000000558e9       0x32 ./Generated_Code/MCUC1.o
                                      0x38509 (size before relaxing)
 .debug_str     0x000000000005591b       0x82 ./Generated_Code/PE_LDD.o
                                      0x45554 (size before relaxing)
 .debug_str     0x000000000005599d      0x145 ./Generated_Code/TSS1.o
                                      0x4596d (size before relaxing)
 .debug_str     0x0000000000055ae2       0x1c ./Generated_Code/Vectors.o
                                      0x454cd (size before relaxing)

.comment        0x0000000000000000       0xf8
 .comment       0x0000000000000000       0x7f ./Sources/TSS/TSS_Sensor.o
                                         0x80 (size before relaxing)
 .comment       0x000000000000007f       0x80 ./Sources/TSS/TSS_SensorTSIL.o
 .comment       0x000000000000007f       0x80 ./Sources/TSS/TSS_SystemSetupData.o
 .comment       0x000000000000007f       0x80 ./Sources/Events.o
 .comment       0x000000000000007f       0x80 ./Sources/main.o
 .comment       0x000000000000007f       0x80 ./Project_Settings/Startup_Code/startup.o
 .comment       0x000000000000007f       0x80 ./Generated_Code/BitIoLdd1.o
 .comment       0x000000000000007f       0x80 ./Generated_Code/Cpu.o
 .comment       0x000000000000007f       0x80 ./Generated_Code/LED1.o
 .comment       0x000000000000007f       0x80 ./Generated_Code/MCUC1.o
 .comment       0x000000000000007f       0x80 ./Generated_Code/PE_LDD.o
 .comment       0x000000000000007f       0x80 ./Generated_Code/TSS1.o
 .comment       0x000000000000007f       0x80 ./Generated_Code/Vectors.o
 .comment       0x000000000000007f       0x79 /home/karl/workspace/KL46Z_Touch/Sources/TSS/libTSS_KXX_M0.a(TSS_KeypadDecoder.o)
                                         0x7a (size before relaxing)
 .comment       0x00000000000000f8       0x7a /home/karl/workspace/KL46Z_Touch/Sources/TSS/libTSS_KXX_M0.a(TSS_Filters.o)
 .comment       0x00000000000000f8       0x7a /home/karl/workspace/KL46Z_Touch/Sources/TSS/libTSS_KXX_M0.a(TSS_KeyDetectorNormal.o)
 .comment       0x00000000000000f8       0x7a /home/karl/workspace/KL46Z_Touch/Sources/TSS/libTSS_KXX_M0.a(TSS_KeyDetector.o)
 .comment       0x00000000000000f8       0x7a /home/karl/workspace/KL46Z_Touch/Sources/TSS/libTSS_KXX_M0.a(TSS_Main.o)

.debug_frame    0x0000000000000000      0x8a0
 .debug_frame   0x0000000000000000       0x90 ./Sources/TSS/TSS_Sensor.o
 .debug_frame   0x0000000000000090      0x194 ./Sources/TSS/TSS_SensorTSIL.o
 .debug_frame   0x0000000000000224       0x30 ./Sources/TSS/TSS_SystemSetupData.o
 .debug_frame   0x0000000000000254       0x88 ./Sources/Events.o
 .debug_frame   0x00000000000002dc       0x2c ./Sources/main.o
 .debug_frame   0x0000000000000308       0xd0 ./Project_Settings/Startup_Code/startup.o
 .debug_frame   0x00000000000003d8       0xb0 ./Generated_Code/BitIoLdd1.o
 .debug_frame   0x0000000000000488      0x1dc ./Generated_Code/Cpu.o
 .debug_frame   0x0000000000000664       0x68 ./Generated_Code/LED1.o
 .debug_frame   0x00000000000006cc       0x48 ./Generated_Code/MCUC1.o
 .debug_frame   0x0000000000000714       0x6c ./Generated_Code/PE_LDD.o
 .debug_frame   0x0000000000000780       0x4c ./Generated_Code/TSS1.o
 .debug_frame   0x00000000000007cc       0x20 /home/karl/Apps/gcc-arm-none-eabi-7-2018-q2-update/bin/../lib/gcc/arm-none-eabi/7.3.1/thumb/v6-m/libgcc.a(_udivsi3.o)
 .debug_frame   0x00000000000007ec       0x20 /home/karl/Apps/gcc-arm-none-eabi-7-2018-q2-update/bin/../lib/gcc/arm-none-eabi/7.3.1/thumb/v6-m/libgcc.a(_divsi3.o)
 .debug_frame   0x000000000000080c       0x28 /home/karl/Apps/gcc-arm-none-eabi-7-2018-q2-update/bin/../lib/gcc/arm-none-eabi/7.3.1/../../../../arm-none-eabi/lib/thumb/v6-m/libg_nano.a(lib_a-exit.o)
 .debug_frame   0x0000000000000834       0x2c /home/karl/Apps/gcc-arm-none-eabi-7-2018-q2-update/bin/../lib/gcc/arm-none-eabi/7.3.1/../../../../arm-none-eabi/lib/thumb/v6-m/libg_nano.a(lib_a-init.o)
 .debug_frame   0x0000000000000860       0x20 /home/karl/Apps/gcc-arm-none-eabi-7-2018-q2-update/bin/../lib/gcc/arm-none-eabi/7.3.1/../../../../arm-none-eabi/lib/thumb/v6-m/libg_nano.a(lib_a-memset.o)
 .debug_frame   0x0000000000000880       0x20 /home/karl/Apps/gcc-arm-none-eabi-7-2018-q2-update/bin/../lib/gcc/arm-none-eabi/7.3.1/../../../../arm-none-eabi/lib/thumb/v6-m/libnosys.a(_exit.o)
